[2026-07-13T14:51:16.556Z] GET file:///D:/Developer/Portfolio/PortFolio-Website/index.html → 200 (2ms, 42745B)
[2026-07-13T14:51:16.562Z] GET https://cdnjs.cloudflare.com/ajax/libs/remixicon/4.2.0/remixicon.css → 200 (46ms, 14416B)
[2026-07-13T14:51:16.563Z] GET file:///D:/Developer/Portfolio/PortFolio-Website/assets/css/styles.css → 200 (2ms, 53081B)
[2026-07-13T14:51:16.563Z] GET file:///D:/Developer/Portfolio/PortFolio-Website/assets/img/Nee.JPG → 200 (2ms, 2185215B)
[2026-07-13T14:51:16.563Z] GET file:///D:/Developer/Portfolio/PortFolio-Website/assets/img/penomo_logo.jpeg → 200 (2ms, 3534B)
[2026-07-13T14:51:16.563Z] GET https://cdn.jsdelivr.net/gh/devicons/devicon/icons/react/react-original.svg → 200 (38ms, 1858B)
[2026-07-13T14:51:16.563Z] GET https://cdn.jsdelivr.net/gh/devicons/devicon/icons/nextjs/nextjs-original.svg → 200 (40ms, 699B)
[2026-07-13T14:51:16.563Z] GET https://cdn.jsdelivr.net/gh/devicons/devicon/icons/typescript/typescript-original.svg → 200 (41ms, 876B)
[2026-07-13T14:51:16.563Z] GET https://cdn.jsdelivr.net/gh/devicons/devicon/icons/javascript/javascript-original.svg → 200 (39ms, 970B)
[2026-07-13T14:51:16.563Z] GET https://cdn.jsdelivr.net/gh/devicons/devicon@latest/icons/tailwindcss/tailwindcss-original.svg → 200 (43ms, 1056B)
[2026-07-13T14:51:16.563Z] GET https://cdn.jsdelivr.net/gh/devicons/devicon/icons/nodejs/nodejs-original.svg → 200 (42ms, 1058B)
[2026-07-13T14:51:16.563Z] GET https://cdn.jsdelivr.net/gh/devicons/devicon/icons/python/python-original.svg → 200 (60ms, 1396B)
[2026-07-13T14:51:16.563Z] GET https://cdn.jsdelivr.net/gh/devicons/devicon/icons/express/express-original.svg → 200 (59ms, 866B)
[2026-07-13T14:51:16.563Z] GET https://cdn.jsdelivr.net/gh/devicons/devicon/icons/graphql/graphql-plain.svg → 200 (59ms, 936B)
[2026-07-13T14:51:16.563Z] GET https://cdn.jsdelivr.net/gh/devicons/devicon/icons/postgresql/postgresql-original.svg → 200 (58ms, 4898B)
[2026-07-13T14:51:16.563Z] GET https://cdn.jsdelivr.net/gh/devicons/devicon/icons/mongodb/mongodb-original.svg → 200 (55ms, 2703B)
[2026-07-13T14:51:16.563Z] GET https://cdn.jsdelivr.net/gh/devicons/devicon/icons/redis/redis-original.svg → 200 (57ms, 952B)
[2026-07-13T14:51:16.563Z] GET https://cdn.jsdelivr.net/gh/devicons/devicon@latest/icons/prisma/prisma-original.svg → 200 (56ms, 623B)
[2026-07-13T14:51:16.563Z] GET https://cdn.jsdelivr.net/gh/devicons/devicon/icons/mysql/mysql-original.svg → 200 (58ms, 1689B)
[2026-07-13T14:51:16.563Z] GET https://cdn.jsdelivr.net/gh/devicons/devicon@latest/icons/amazonwebservices/amazonwebservices-original-wordmark.svg → 200 (60ms, 2077B)
[2026-07-13T14:51:16.563Z] GET https://cdn.jsdelivr.net/gh/devicons/devicon/icons/docker/docker-original.svg → 200 (61ms, 1886B)
[2026-07-13T14:51:16.563Z] GET https://cdn.jsdelivr.net/gh/devicons/devicon/icons/git/git-original.svg → 200 (62ms, 771B)
[2026-07-13T14:51:16.563Z] GET https://cdn.jsdelivr.net/gh/devicons/devicon/icons/linux/linux-original.svg → 200 (67ms, 76000B)
[2026-07-13T14:51:16.563Z] GET https://cdn.jsdelivr.net/gh/devicons/devicon@latest/icons/githubactions/githubactions-original.svg → 200 (68ms, 1307B)
[2026-07-13T14:51:16.563Z] GET https://cdn.jsdelivr.net/gh/devicons/devicon/icons/solidity/solidity-original.svg → 200 (68ms, 572B)
[2026-07-13T14:51:16.564Z] GET https://cdn.jsdelivr.net/gh/devicons/devicon@latest/icons/hardhat/hardhat-original.svg → 200 (68ms, 1873B)
[2026-07-13T14:51:16.564Z] GET https://cdnjs.cloudflare.com/ajax/libs/three.js/r134/three.min.js → 200 (70ms, 124068B)
[2026-07-13T14:51:16.564Z] GET https://cdnjs.cloudflare.com/ajax/libs/vanta/0.5.24/vanta.net.min.js → 200 (70ms, 4604B)
[2026-07-13T14:51:16.564Z] GET file:///D:/Developer/Portfolio/PortFolio-Website/assets/js/main.js → 200 (9ms, 8587B)
[2026-07-13T14:51:16.567Z] GET https://fonts.googleapis.com/css2?family=Inter:wght@400;500;600;700;800;900&family=JetBrains+Mono:wght@400;500;600&display=swap → 200 (188ms, 1498B)
[2026-07-13T14:51:16.617Z] GET https://cdnjs.cloudflare.com/ajax/libs/remixicon/4.2.0/remixicon.woff2?t=1708865856766 → 200 (36ms, 163675B)
[2026-07-13T14:51:16.804Z] GET https://fonts.gstatic.com/s/inter/v20/UcC73FwrK3iLTeHuS_nVMrMxCp50SjIa1ZL7.woff2 → 200 (187ms, 48392B)
[2026-07-13T14:51:16.804Z] GET https://fonts.gstatic.com/s/jetbrainsmono/v24/tDbv2o-flEEny0FZhsfKu5WU4zr3E_BX0PnT8RD8yKwBNntkaToggR7BYRbKPxDcwg.woff2 → 200 (136ms, 31974B)
[2026-07-13T14:51:18.084Z] GET file:///D:/Developer/Portfolio/PortFolio-Website/assets/img/CourseGen_AI.png → 200 (?ms, 242787B)
[2026-07-13T14:51:18.084Z] GET file:///D:/Developer/Portfolio/PortFolio-Website/assets/img/DermaVoice.png → 200 (?ms, 1909579B)
[2026-07-13T15:04:53.418Z] GET file:///D:/Developer/Portfolio/PortFolio-Website/index.html → 200 (1ms, 41845B)
[2026-07-13T15:04:53.431Z] GET https://cdnjs.cloudflare.com/ajax/libs/remixicon/4.2.0/remixicon.css → 200 (17ms, -935B)
[2026-07-13T15:04:53.433Z] GET file:///D:/Developer/Portfolio/PortFolio-Website/assets/css/styles.css → 200 (1ms, 52374B)
[2026-07-13T15:04:53.433Z] GET file:///D:/Developer/Portfolio/PortFolio-Website/assets/img/Nee.JPG → 200 (2ms, 2185215B)
[2026-07-13T15:04:53.433Z] GET file:///D:/Developer/Portfolio/PortFolio-Website/assets/img/penomo_logo.jpeg → 200 (2ms, 3534B)
[2026-07-13T15:04:53.433Z] GET https://cdn.jsdelivr.net/gh/devicons/devicon/icons/react/react-original.svg → 200 (17ms, -1012B)
[2026-07-13T15:04:53.433Z] GET https://cdn.jsdelivr.net/gh/devicons/devicon/icons/nextjs/nextjs-original.svg → 200 (18ms, -1016B)
[2026-07-13T15:04:53.433Z] GET https://cdn.jsdelivr.net/gh/devicons/devicon/icons/typescript/typescript-original.svg → 200 (18ms, -1015B)
[2026-07-13T15:04:53.433Z] GET https://cdn.jsdelivr.net/gh/devicons/devicon/icons/javascript/javascript-original.svg → 200 (19ms, -1013B)
[2026-07-13T15:04:53.433Z] GET https://cdn.jsdelivr.net/gh/devicons/devicon@latest/icons/tailwindcss/tailwindcss-original.svg → 200 (20ms, -1022B)
[2026-07-13T15:04:53.433Z] GET https://cdn.jsdelivr.net/gh/devicons/devicon/icons/nodejs/nodejs-original.svg → 200 (20ms, -1011B)
[2026-07-13T15:04:53.433Z] GET https://cdn.jsdelivr.net/gh/devicons/devicon/icons/python/python-original.svg → 200 (21ms, -1021B)
[2026-07-13T15:04:53.433Z] GET https://cdn.jsdelivr.net/gh/devicons/devicon/icons/express/express-original.svg → 200 (22ms, -1020B)
[2026-07-13T15:04:53.433Z] GET https://cdn.jsdelivr.net/gh/devicons/devicon/icons/graphql/graphql-plain.svg → 200 (23ms, -1022B)
[2026-07-13T15:04:53.433Z] GET https://cdn.jsdelivr.net/gh/devicons/devicon/icons/postgresql/postgresql-original.svg → 200 (23ms, -1014B)
[2026-07-13T15:04:53.433Z] GET https://cdn.jsdelivr.net/gh/devicons/devicon/icons/mongodb/mongodb-original.svg → 200 (24ms, -1018B)
[2026-07-13T15:04:53.433Z] GET https://cdn.jsdelivr.net/gh/devicons/devicon/icons/redis/redis-original.svg → 200 (25ms, -1010B)
[2026-07-13T15:04:53.433Z] GET https://cdn.jsdelivr.net/gh/devicons/devicon@latest/icons/prisma/prisma-original.svg → 200 (25ms, -1011B)
[2026-07-13T15:04:53.433Z] GET https://cdn.jsdelivr.net/gh/devicons/devicon/icons/mysql/mysql-original.svg → 200 (26ms, -1011B)
[2026-07-13T15:04:53.433Z] GET https://cdn.jsdelivr.net/gh/devicons/devicon@latest/icons/amazonwebservices/amazonwebservices-original-wordmark.svg → 200 (26ms, -1011B)
[2026-07-13T15:04:53.433Z] GET https://cdn.jsdelivr.net/gh/devicons/devicon/icons/docker/docker-original.svg → 200 (27ms, -1026B)
[2026-07-13T15:04:53.434Z] GET https://cdn.jsdelivr.net/gh/devicons/devicon/icons/git/git-original.svg → 200 (26ms, -1014B)
[2026-07-13T15:04:53.434Z] GET https://cdn.jsdelivr.net/gh/devicons/devicon/icons/linux/linux-original.svg → 200 (30ms, -1016B)
[2026-07-13T15:04:53.434Z] GET https://cdn.jsdelivr.net/gh/devicons/devicon@latest/icons/githubactions/githubactions-original.svg → 200 (30ms, -1014B)
[2026-07-13T15:04:53.434Z] GET https://cdn.jsdelivr.net/gh/devicons/devicon/icons/solidity/solidity-original.svg → 200 (31ms, -1008B)
[2026-07-13T15:04:53.434Z] GET https://cdn.jsdelivr.net/gh/devicons/devicon@latest/icons/hardhat/hardhat-original.svg → 200 (31ms, -1008B)
[2026-07-13T15:04:53.434Z] GET https://cdnjs.cloudflare.com/ajax/libs/three.js/r134/three.min.js → 200 (71ms, -945B)
[2026-07-13T15:04:53.434Z] GET https://cdnjs.cloudflare.com/ajax/libs/vanta/0.5.24/vanta.net.min.js → 200 (70ms, -950B)
[2026-07-13T15:04:53.434Z] GET file:///D:/Developer/Portfolio/PortFolio-Website/assets/js/main.js → 200 (32ms, 8587B)
[2026-07-13T15:04:53.437Z] GET https://fonts.googleapis.com/css2?family=Inter:wght@400;500;600;700;800;900&family=JetBrains+Mono:wght@400;500;600&display=swap → 200 (13ms, -698B)
[2026-07-13T15:04:53.480Z] GET https://fonts.gstatic.com/s/inter/v20/UcC73FwrK3iLTeHuS_nVMrMxCp50SjIa1ZL7.woff2 → 200 (1ms, -815B)
[2026-07-13T15:04:53.480Z] GET https://cdnjs.cloudflare.com/ajax/libs/remixicon/4.2.0/remixicon.woff2?t=1708865856766 → 200 (1ms, -920B)
[2026-07-13T15:04:53.481Z] GET https://fonts.gstatic.com/s/jetbrainsmono/v24/tDbv2o-flEEny0FZhsfKu5WU4zr3E_BX0PnT8RD8yKwBNntkaToggR7BYRbKPxDcwg.woff2 → 200 (1ms, -815B)
